00:00 +0: loading test/persistence_test.dart
00:00 +0: FTS Persistence FTS index survives restart
DEBUG: BTreeNode.serialize node=5 keys=20070852 values=20070853 isLeaf=false
00:00 +0 -1: FTS Persistence FTS index survives restart [E]
  RangeError (byteOffset): Index out of range: index should be less than 4096: 4096
  dart:typed_data                                  _ByteDataView.setUint32
  package:ffastdb/src/index/btree_node.dart 47:10  BTreeNode.serialize
  package:ffastdb/src/index/btree.dart 629:54      BTree._writeNode
  package:ffastdb/src/index/btree.dart 329:11      BTree._splitChild
  ===== asynchronous gap ===========================
  package:ffastdb/src/index/btree.dart 121:9       BTree._insertNonFull
  ===== asynchronous gap ===========================
  package:ffastdb/src/index/btree.dart 95:7        BTree.insert
  ===== asynchronous gap ===========================
  package:ffastdb/src/_crud_operations.dart 29:9   _CrudOperations.insertImpl
  ===== asynchronous gap ===========================
  package:ffastdb/src/fastdb.dart 97:14            FastDB._exclusive.<fn>
  ===== asynchronous gap ===========================
  test\persistence_test.dart 26:9                  main.<fn>.<fn>
  
00:00 +0 -1: FTS Persistence Composite index survives restart
DEBUG: BTreeNode.serialize node=6 keys=20070852 values=20070853 isLeaf=false
00:01 +0 -2: FTS Persistence Composite index survives restart [E]
  RangeError (byteOffset): Index out of range: index should be less than 4096: 4096
  dart:typed_data                                  _ByteDataView.setUint32
  package:ffastdb/src/index/btree_node.dart 47:10  BTreeNode.serialize
  package:ffastdb/src/index/btree.dart 629:54      BTree._writeNode
  package:ffastdb/src/index/btree.dart 329:11      BTree._splitChild
  ===== asynchronous gap ===========================
  package:ffastdb/src/index/btree.dart 121:9       BTree._insertNonFull
  ===== asynchronous gap ===========================
  package:ffastdb/src/index/btree.dart 95:7        BTree.insert
  ===== asynchronous gap ===========================
  package:ffastdb/src/_crud_operations.dart 29:9   _CrudOperations.insertImpl
  ===== asynchronous gap ===========================
  package:ffastdb/src/fastdb.dart 97:14            FastDB._exclusive.<fn>
  ===== asynchronous gap ===========================
  test\persistence_test.dart 53:9                  main.<fn>.<fn>
  
00:01 +0 -2: Some tests failed.

Failing tests:
  test/persistence_test.dart: FTS Persistence Composite index survives restart
  test/persistence_test.dart: FTS Persistence FTS index survives restart

Consider enabling the flag chain-stack-traces to receive more detailed exceptions.
For example, 'dart test --chain-stack-traces'.
